// Jest Snapshot v1, https://goo.gl/fbAQLP

exports[`Rockets Component snapshot test 1`] = `"You haven't booked any rocket yet"`;
